[www.bettr.app/index.html]
[backblue.gif]
[fade.gif]
[index.html]
[www.bettr.app/post/doing-it-for-the-culture-bettr-app-is-partnering-with-cotton-fest-as-headline-sponsor-for-2022.html]
[www.bettr.app/post/thank-you-riky-rick.html]
[www.bettr.app/post/the-money-show-bettr-enters-sa-a-zero-fee-transaction-platform.html]
[www.bettr.app/post/a-new-culture-of-money-is-here-bettr-and-access-bank-partner-to-back-the-creator-economy.html]
[www.bettr.app/post/hustle-and-grind-with-musician-and-dancer-costa-titch.html]
[www.bettr.app/post/always-be-evolving-a-conversation-with-fashion-designer-and-upcycler-reignboow.html]
[www.bettr.app/post/when-preparation-met-opportunity-rapper-dee-koalas-success-story-in-the-making.html]
[www.bettr.app/privacy-policy.html]
[www.bettr.app/blog.html]
[www.bettr.app/index.html]
[www.bettr.app/post/doing-it-for-the-culture-bettr-app-is-partnering-with-cotton-fest-as-headline-sponsor-for-2022.html]
[www.bettr.app/post/thank-you-riky-rick.html]
[www.bettr.app/category/podcast.html]
[www.bettr.app/post/the-money-show-bettr-enters-sa-a-zero-fee-transaction-platform.html]
[www.bettr.app/post/a-new-culture-of-money-is-here-bettr-and-access-bank-partner-to-back-the-creator-economy.html]
[www.bettr.app/category/video.html]
[www.bettr.app/post/money-and-music-with-artist-and-producer-look-at-ups.html]
[www.bettr.app/post/hustle-and-grind-with-musician-and-dancer-costa-titch.html]
[www.bettr.app/post/always-be-evolving-a-conversation-with-fashion-designer-and-upcycler-reignboow.html]
[www.bettr.app/post/when-preparation-met-opportunity-rapper-dee-koalas-success-story-in-the-making.html]
[www.bettr.app/privacy-policy.html]
[www.bettr.app/category/updates.html]
[www.bettr.app/blog.html]
[www.bettr.app/category/podcast.html]
[www.bettr.app/category/video.html]
[www.bettr.app/post/money-and-music-with-artist-and-producer-look-at-ups.html]
[www.bettr.app/category/updates.html]
[www.bettr.app/_https_/uploads-ssl.webflow.com/611bc8de2b945d4b0d71a39c/61b1e76d711be7813a8b70c4_Top Lander Video-poster-00001.jpg_]
[www.bettr.app/_https_/uploads-ssl.webflow.com/611bc8de2b945d4b0d71a39c/61a94517f18a771e0cdde85f_Autoplay Video-poster-00001.jpg_]
[www.bettr.app/_https_/uploads-ssl.webflow.com/61b6a83fcd4f622ea95c5f20/61ba249ed357935f55939ba9_large_coin_v1_2-poster-00001.jpg_]
[www.bettr.app/post/teen-rapper-and-dancer-blue-ki-on-balancing-money-for-living-and-money-for-pursuing-her-passions]
[www.bettr.app/press-kit]
[www.bettr.app/terms-of-use.html]
[www.bettr.app/paia]
[www.bettr.app/security-policy]
[www.bettr.app/contact-us]
[www.bettr.app/autoplay=0&.html]
[www.bettr.app/category/press]
[www.bettr.app/category/text]
[www.bettr.app/post/tech-central-south-african-digital-bank-bettr-nears-launch-an-interview-with-the-founders]
[www.bettr.app/post/11-fs-spotlight-on-tobie-van-zyl-co-founder-ceo-at-bettr.html]
[www.bettr.app/post/visual-creator-abo-booi-on-shooting-for-his-dream-career-one-shot-at-a-time]
[www.bettr.app/category/education]
[www.bettr.app/category/event]
[www.bettr.app/category/text-only]
